Archive member included to satisfy reference by file (symbol)

c:/st/stm32cubeide_1.10.0/stm32cubeide/plugins/com.st.stm32cube.ide.mcu.externaltools.gnu-tools-for-stm32.10.3-2021.10.win32_1.0.0.202111181127/tools/bin/../lib/gcc/arm-none-eabi/10.3.1/../../../../arm-none-eabi/lib/thumb/v7e-m+fp/hard\libc_nano.a(lib_a-errno.o)
                              ./Core/Src/syscalls.o (__errno)
c:/st/stm32cubeide_1.10.0/stm32cubeide/plugins/com.st.stm32cube.ide.mcu.externaltools.gnu-tools-for-stm32.10.3-2021.10.win32_1.0.0.202111181127/tools/bin/../lib/gcc/arm-none-eabi/10.3.1/../../../../arm-none-eabi/lib/thumb/v7e-m+fp/hard\libc_nano.a(lib_a-exit.o)
                              c:/st/stm32cubeide_1.10.0/stm32cubeide/plugins/com.st.stm32cube.ide.mcu.externaltools.gnu-tools-for-stm32.10.3-2021.10.win32_1.0.0.202111181127/tools/bin/../lib/gcc/arm-none-eabi/10.3.1/../../../../arm-none-eabi/lib/thumb/v7e-m+fp/hard/crt0.o (exit)
c:/st/stm32cubeide_1.10.0/stm32cubeide/plugins/com.st.stm32cube.ide.mcu.externaltools.gnu-tools-for-stm32.10.3-2021.10.win32_1.0.0.202111181127/tools/bin/../lib/gcc/arm-none-eabi/10.3.1/../../../../arm-none-eabi/lib/thumb/v7e-m+fp/hard\libc_nano.a(lib_a-impure.o)
                              c:/st/stm32cubeide_1.10.0/stm32cubeide/plugins/com.st.stm32cube.ide.mcu.externaltools.gnu-tools-for-stm32.10.3-2021.10.win32_1.0.0.202111181127/tools/bin/../lib/gcc/arm-none-eabi/10.3.1/../../../../arm-none-eabi/lib/thumb/v7e-m+fp/hard\libc_nano.a(lib_a-exit.o) (_global_impure_ptr)
c:/st/stm32cubeide_1.10.0/stm32cubeide/plugins/com.st.stm32cube.ide.mcu.externaltools.gnu-tools-for-stm32.10.3-2021.10.win32_1.0.0.202111181127/tools/bin/../lib/gcc/arm-none-eabi/10.3.1/../../../../arm-none-eabi/lib/thumb/v7e-m+fp/hard\libc_nano.a(lib_a-init.o)
                              c:/st/stm32cubeide_1.10.0/stm32cubeide/plugins/com.st.stm32cube.ide.mcu.externaltools.gnu-tools-for-stm32.10.3-2021.10.win32_1.0.0.202111181127/tools/bin/../lib/gcc/arm-none-eabi/10.3.1/../../../../arm-none-eabi/lib/thumb/v7e-m+fp/hard/crt0.o (__libc_init_array)
c:/st/stm32cubeide_1.10.0/stm32cubeide/plugins/com.st.stm32cube.ide.mcu.externaltools.gnu-tools-for-stm32.10.3-2021.10.win32_1.0.0.202111181127/tools/bin/../lib/gcc/arm-none-eabi/10.3.1/../../../../arm-none-eabi/lib/thumb/v7e-m+fp/hard\libc_nano.a(lib_a-memset.o)
                              c:/st/stm32cubeide_1.10.0/stm32cubeide/plugins/com.st.stm32cube.ide.mcu.externaltools.gnu-tools-for-stm32.10.3-2021.10.win32_1.0.0.202111181127/tools/bin/../lib/gcc/arm-none-eabi/10.3.1/../../../../arm-none-eabi/lib/thumb/v7e-m+fp/hard/crt0.o (memset)
c:/st/stm32cubeide_1.10.0/stm32cubeide/plugins/com.st.stm32cube.ide.mcu.externaltools.gnu-tools-for-stm32.10.3-2021.10.win32_1.0.0.202111181127/tools/bin/../lib/gcc/arm-none-eabi/10.3.1/thumb/v7e-m+fp/hard\libgcc.a(_arm_muldf3.o)
                              ./Core/Src/main.o (__aeabi_dmul)
c:/st/stm32cubeide_1.10.0/stm32cubeide/plugins/com.st.stm32cube.ide.mcu.externaltools.gnu-tools-for-stm32.10.3-2021.10.win32_1.0.0.202111181127/tools/bin/../lib/gcc/arm-none-eabi/10.3.1/thumb/v7e-m+fp/hard\libgcc.a(_arm_addsubdf3.o)
                              ./Core/Src/main.o (__aeabi_dsub)
c:/st/stm32cubeide_1.10.0/stm32cubeide/plugins/com.st.stm32cube.ide.mcu.externaltools.gnu-tools-for-stm32.10.3-2021.10.win32_1.0.0.202111181127/tools/bin/../lib/gcc/arm-none-eabi/10.3.1/thumb/v7e-m+fp/hard\libgcc.a(_arm_muldivdf3.o)
                              ./Core/Src/main.o (__aeabi_ddiv)
c:/st/stm32cubeide_1.10.0/stm32cubeide/plugins/com.st.stm32cube.ide.mcu.externaltools.gnu-tools-for-stm32.10.3-2021.10.win32_1.0.0.202111181127/tools/bin/../lib/gcc/arm-none-eabi/10.3.1/thumb/v7e-m+fp/hard\libgcc.a(_arm_truncdfsf2.o)
                              ./Core/Src/main.o (__aeabi_d2f)
c:/st/stm32cubeide_1.10.0/stm32cubeide/plugins/com.st.stm32cube.ide.mcu.externaltools.gnu-tools-for-stm32.10.3-2021.10.win32_1.0.0.202111181127/tools/bin/../lib/gcc/arm-none-eabi/10.3.1/thumb/v7e-m+fp/hard\libgcc.a(_aeabi_uldivmod.o)
                              ./Drivers/STM32F7xx_HAL_Driver/Src/stm32f7xx_hal_rcc.o (__aeabi_uldivmod)
c:/st/stm32cubeide_1.10.0/stm32cubeide/plugins/com.st.stm32cube.ide.mcu.externaltools.gnu-tools-for-stm32.10.3-2021.10.win32_1.0.0.202111181127/tools/bin/../lib/gcc/arm-none-eabi/10.3.1/thumb/v7e-m+fp/hard\libgcc.a(_udivmoddi4.o)
                              c:/st/stm32cubeide_1.10.0/stm32cubeide/plugins/com.st.stm32cube.ide.mcu.externaltools.gnu-tools-for-stm32.10.3-2021.10.win32_1.0.0.202111181127/tools/bin/../lib/gcc/arm-none-eabi/10.3.1/thumb/v7e-m+fp/hard\libgcc.a(_aeabi_uldivmod.o) (__udivmoddi4)
c:/st/stm32cubeide_1.10.0/stm32cubeide/plugins/com.st.stm32cube.ide.mcu.externaltools.gnu-tools-for-stm32.10.3-2021.10.win32_1.0.0.202111181127/tools/bin/../lib/gcc/arm-none-eabi/10.3.1/thumb/v7e-m+fp/hard\libgcc.a(_dvmd_tls.o)
[...]
Memory Configuration

Name             Origin             Length             Attributes
RAM              0x0000000020000000 0x0000000000050000 xrw
FLASH            0x0000000008000000 0x0000000000100000 xr
*default*        0x0000000000000000 0xffffffffffffffff

Linker script and memory map

LOAD c:/st/stm32cubeide_1.10.0/stm32cubeide/plugins/com.st.stm32cube.ide.mcu.externaltools.gnu-tools-for-stm32.10.3-2021.10.win32_1.0.0.202111181127/tools/bin/../lib/gcc/arm-none-eabi/10.3.1/thumb/v7e-m+fp/hard/crti.o
LOAD c:/st/stm32cubeide_1.10.0/stm32cubeide/plugins/com.st.stm32cube.ide.mcu.externaltools.gnu-tools-for-stm32.10.3-2021.10.win32_1.0.0.202111181127/tools/bin/../lib/gcc/arm-none-eabi/10.3.1/thumb/v7e-m+fp/hard/crtbegin.o
LOAD c:/st/stm32cubeide_1.10.0/stm32cubeide/plugins/com.st.stm32cube.ide.mcu.externaltools.gnu-tools-for-stm32.10.3-2021.10.win32_1.0.0.202111181127/tools/bin/../lib/gcc/arm-none-eabi/10.3.1/../../../../arm-none-eabi/lib/thumb/v7e-m+fp/hard/crt0.o
LOAD ./Core/Src/main.o
LOAD ./Core/Src/stm32f7xx_hal_msp.o
LOAD ./Core/Src/stm32f7xx_it.o
LOAD ./Core/Src/syscalls.o
LOAD ./Core/Src/sysmem.o
LOAD ./Core/Src/system_stm32f7xx.o
LOAD ./Core/Startup/startup_stm32f746zgtx.o
LOAD ./Drivers/STM32F7xx_HAL_Driver/Src/stm32f7xx_hal.o
LOAD ./Drivers/STM32F7xx_HAL_Driver/Src/stm32f7xx_hal_adc.o
LOAD ./Drivers/STM32F7xx_HAL_Driver/Src/stm32f7xx_hal_adc_ex.o
LOAD ./Drivers/STM32F7xx_HAL_Driver/Src/stm32f7xx_hal_cortex.o
LOAD ./Drivers/STM32F7xx_HAL_Driver/Src/stm32f7xx_hal_dma.o
LOAD ./Drivers/STM32F7xx_HAL_Driver/Src/stm32f7xx_hal_dma_ex.o
LOAD ./Drivers/STM32F7xx_HAL_Driver/Src/stm32f7xx_hal_exti.o
LOAD ./Drivers/STM32F7xx_HAL_Driver/Src/stm32f7xx_hal_flash.o
LOAD ./Drivers/STM32F7xx_HAL_Driver/Src/stm32f7xx_hal_flash_ex.o
LOAD ./Drivers/STM32F7xx_HAL_Driver/Src/stm32f7xx_hal_gpio.o
LOAD ./Drivers/STM32F7xx_HAL_Driver/Src/stm32f7xx_hal_i2c.o
LOAD ./Drivers/STM32F7xx_HAL_Driver/Src/stm32f7xx_hal_i2c_ex.o
LOAD ./Drivers/STM32F7xx_HAL_Driver/Src/stm32f7xx_hal_pwr.o
LOAD ./Drivers/STM32F7xx_HAL_Driver/Src/stm32f7xx_hal_pwr_ex.o
LOAD ./Drivers/STM32F7xx_HAL_Driver/Src/stm32f7xx_hal_rcc.o
LOAD ./Drivers/STM32F7xx_HAL_Driver/Src/stm32f7xx_hal_rcc_ex.o
LOAD ./Drivers/STM32F7xx_HAL_Driver/Src/stm32f7xx_hal_tim.o
LOAD ./Drivers/STM32F7xx_HAL_Driver/Src/stm32f7xx_hal_tim_ex.o
START GROUP
LOAD c:/st/stm32cubeide_1.10.0/stm32cubeide/plugins/com.st.stm32cube.ide.mcu.externaltools.gnu-tools-for-stm32.10.3-2021.10.win32_1.0.0.202111181127/tools/bin/../lib/gcc/arm-none-eabi/10.3.1/../../../../arm-none-eabi/lib/thumb/v7e-m+fp/hard\libc_nano.a
LOAD c:/st/stm32cubeide_1.10.0/stm32cubeide/plugins/com.st.stm32cube.ide.mcu.externaltools.gnu-tools-for-stm32.10.3-2021.10.win32_1.0.0.202111181127/tools/bin/../lib/gcc/arm-none-eabi/10.3.1/../../../../arm-none-eabi/lib/thumb/v7e-m+fp/hard\libm.a
END GROUP
START GROUP
LOAD c:/st/stm32cubeide_1.10.0/stm32cubeide/plugins/com.st.stm32cube.ide.mcu.externaltools.gnu-tools-for-stm32.10.3-2021.10.win32_1.0.0.202111181127/tools/bin/../lib/gcc/arm-none-eabi/10.3.1/thumb/v7e-m+fp/hard\libgcc.a
LOAD c:/st/stm32cubeide_1.10.0/stm32cubeide/plugins/com.st.stm32cube.ide.mcu.externaltools.gnu-tools-for-stm32.10.3-2021.10.win32_1.0.0.202111181127/tools/bin/../lib/gcc/arm-none-eabi/10.3.1/../../../../arm-none-eabi/lib/thumb/v7e-m+fp/hard\libc_nano.a
END GROUP
START GROUP
LOAD c:/st/stm32cubeide_1.10.0/stm32cubeide/plugins/com.st.stm32cube.ide.mcu.externaltools.gnu-tools-for-stm32.10.3-2021.10.win32_1.0.0.202111181127/tools/bin/../lib/gcc/arm-none-eabi/10.3.1/thumb/v7e-m+fp/hard\libgcc.a
LOAD c:/st/stm32cubeide_1.10.0/stm32cubeide/plugins/com.st.stm32cube.ide.mcu.externaltools.gnu-tools-for-stm32.10.3-2021.10.win32_1.0.0.202111181127/tools/bin/../lib/gcc/arm-none-eabi/10.3.1/../../../../arm-none-eabi/lib/thumb/v7e-m+fp/hard\libc_nano.a
LOAD c:/st/stm32cubeide_1.10.0/stm32cubeide/plugins/com.st.stm32cube.ide.mcu.externaltools.gnu-tools-for-stm32.10.3-2021.10.win32_1.0.0.202111181127/tools/bin/../lib/gcc/arm-none-eabi/10.3.1/../../../../arm-none-eabi/lib/thumb/v7e-m+fp/hard\libnosys.a
END GROUP
START GROUP
LOAD c:/st/stm32cubeide_1.10.0/stm32cubeide/plugins/com.st.stm32cube.ide.mcu.externaltools.gnu-tools-for-stm32.10.3-2021.10.win32_1.0.0.202111181127/tools/bin/../lib/gcc/arm-none-eabi/10.3.1/thumb/v7e-m+fp/hard\libgcc.a
LOAD c:/st/stm32cubeide_1.10.0/stm32cubeide/plugins/com.st.stm32cube.ide.mcu.externaltools.gnu-tools-for-stm32.10.3-2021.10.win32_1.0.0.202111181127/tools/bin/../lib/gcc/arm-none-eabi/10.3.1/../../../../arm-none-eabi/lib/thumb/v7e-m+fp/hard\libc_nano.a
LOAD c:/st/stm32cubeide_1.10.0/stm32cubeide/plugins/com.st.stm32cube.ide.mcu.externaltools.gnu-tools-for-stm32.10.3-2021.10.win32_1.0.0.202111181127/tools/bin/../lib/gcc/arm-none-eabi/10.3.1/../../../../arm-none-eabi/lib/thumb/v7e-m+fp/hard\libnosys.a
END GROUP
LOAD c:/st/stm32cubeide_1.10.0/stm32cubeide/plugins/com.st.stm32cube.ide.mcu.externaltools.gnu-tools-for-stm32.10.3-2021.10.win32_1.0.0.202111181127/tools/bin/../lib/gcc/arm-none-eabi/10.3.1/thumb/v7e-m+fp/hard/crtend.o
LOAD c:/st/stm32cubeide_1.10.0/stm32cubeide/plugins/com.st.stm32cube.ide.mcu.externaltools.gnu-tools-for-stm32.10.3-2021.10.win32_1.0.0.202111181127/tools/bin/../lib/gcc/arm-none-eabi/10.3.1/thumb/v7e-m+fp/hard/crtn.o
                0x0000000020050000                _estack = (ORIGIN (RAM) + LENGTH (RAM))
                0x0000000000000200                _Min_Heap_Size = 0x200
                0x0000000000000400                _Min_Stack_Size = 0x400

.isr_vector     0x0000000008000000      0x1c8
                0x0000000008000000                . = ALIGN (0x4)
 *(.isr_vector)
 .isr_vector    0x0000000008000000      0x1c8 ./Core/Startup/startup_stm32f746zgtx.o
                0x0000000008000000                g_pfnVectors
                0x00000000080001c8                . = ALIGN (0x4)

.text           0x00000000080001c8     0x2780
                0x00000000080001c8                . = ALIGN (0x4)
 *(.text)
 .text          0x00000000080001c8       0x40 c:/st/stm32cubeide_1.10.0/stm32cubeide/plugins/com.st.stm32cube.ide.mcu.externaltools.gnu-tools-for-stm32.10.3-2021.10.win32_1.0.0.202111181127/tools/bin/../lib/gcc/arm-none-eabi/10.3.1/thumb/v7e-m+fp/hard/crtbegin.o
 .text          0x0000000008000208      0x378 c:/st/stm32cubeide_1.10.0/stm32cubeide/plugins/com.st.stm32cube.ide.mcu.externaltools.gnu-tools-for-stm32.10.3-2021.10.win32_1.0.0.202111181127/tools/bin/../lib/gcc/arm-none-eabi/10.3.1/thumb/v7e-m+fp/hard\libgcc.a(_arm_addsubdf3.o)
                0x0000000008000208                __aeabi_drsub
                0x0000000008000210                __aeabi_dsub
                0x0000000008000210                __subdf3
                0x0000000008000214                __aeabi_dadd
                0x0000000008000214                __adddf3
                0x000000000800048c                __floatunsidf
                0x000000000800048c                __aeabi_ui2d
                0x00000000080004ac                __floatsidf
                0x00000000080004ac                __aeabi_i2d
                0x00000000080004d0                __aeabi_f2d
                0x00000000080004d0                __extendsfdf2
                0x0000000008000514                __floatundidf
                0x0000000008000514                __aeabi_ul2d
                0x0000000008000524                __floatdidf
                0x0000000008000524                __aeabi_l2d
 .text          0x0000000008000580      0x424 c:/st/stm32cubeide_1.10.0/stm32cubeide/plugins/com.st.stm32cube.ide.mcu.externaltools.gnu-tools-for-stm32.10.3-2021.10.win32_1.0.0.202111181127/tools/bin/../lib/gcc/arm-none-eabi/10.3.1/thumb/v7e-m+fp/hard\libgcc.a(_arm_muldivdf3.o)
                0x0000000008000580                __aeabi_dmul
                0x0000000008000580                __muldf3
                0x00000000080007d4                __divdf3
                0x00000000080007d4                __aeabi_ddiv
 .text          0x00000000080009a4       0xa0 c:/st/stm32cubeide_1.10.0/stm32cubeide/plugins/com.st.stm32cube.ide.mcu.externaltools.gnu-tools-for-stm32.10.3-2021.10.win32_1.0.0.202111181127/tools/bin/../lib/gcc/arm-none-eabi/10.3.1/thumb/v7e-m+fp/hard\libgcc.a(_arm_truncdfsf2.o)
                0x00000000080009a4                __truncdfsf2
                0x00000000080009a4                __aeabi_d2f
 .text          0x0000000008000a44       0x30 c:/st/stm32cubeide_1.10.0/stm32cubeide/plugins/com.st.stm32cube.ide.mcu.externaltools.gnu-tools-for-stm32.10.3-2021.10.win32_1.0.0.202111181127/tools/bin/../lib/gcc/arm-none-eabi/10.3.1/thumb/v7e-m+fp/hard\libgcc.a(_aeabi_uldivmod.o)
                0x0000000008000a44                __aeabi_uldivmod
 .text          0x0000000008000a74      0x2d0 c:/st/stm32cubeide_1.10.0/stm32cubeide/plugins/com.st.stm32cube.ide.mcu.externaltools.gnu-tools-for-stm32.10.3-2021.10.win32_1.0.0.202111181127/tools/bin/../lib/gcc/arm-none-eabi/10.3.1/thumb/v7e-m+fp/hard\libgcc.a(_udivmoddi4.o)
                0x0000000008000a74                __udivmoddi4
 .text          0x0000000008000d44        0x4 c:/st/stm32cubeide_1.10.0/stm32cubeide/plugins/com.st.stm32cube.ide.mcu.externaltools.gnu-tools-for-stm32.10.3-2021.10.win32_1.0.0.202111181127/tools/bin/../lib/gcc/arm-none-eabi/10.3.1/thumb/v7e-m+fp/hard\libgcc.a(_dvmd_tls.o)
                0x0000000008000d44                __aeabi_idiv0
                0x0000000008000d44                __aeabi_ldiv0
 *(.text*)
 .text.main     0x0000000008000d48       0xf4 ./Core/Src/main.o
                0x0000000008000d48                main
 .text.SystemClock_Config
                0x0000000008000e3c       0xcc ./Core/Src/main.o
                0x0000000008000e3c                SystemClock_Config
 .text.MX_ADC1_Init
                0x0000000008000f08       0xa8 ./Core/Src/main.o
 .text.MX_GPIO_Init
                0x0000000008000fb0       0x98 ./Core/Src/main.o
 .text.Error_Handler
                0x0000000008001048        0xa ./Core/Src/main.o
                0x0000000008001048                Error_Handler
 *fill*         0x0000000008001052        0x2 
 .text.HAL_MspInit
                0x0000000008001054       0x48 ./Core/Src/stm32f7xx_hal_msp.o
                0x0000000008001054                HAL_MspInit
 .text.HAL_ADC_MspInit
                0x000000000800109c       0x40 ./Core/Src/stm32f7xx_hal_msp.o
                0x000000000800109c                HAL_ADC_MspInit
 .text.NMI_Handler
                0x00000000080010dc        0x6 ./Core/Src/stm32f7xx_it.o
                0x00000000080010dc                NMI_Handler
 .text.HardFault_Handler
                0x00000000080010e2        0x6 ./Core/Src/stm32f7xx_it.o
                0x00000000080010e2                HardFault_Handler
 .text.MemManage_Handler
                0x00000000080010e8        0x6 ./Core/Src/stm32f7xx_it.o
                0x00000000080010e8                MemManage_Handler
 .text.BusFault_Handler
                0x00000000080010ee        0x6 ./Core/Src/stm32f7xx_it.o
                0x00000000080010ee                BusFault_Handler
 .text.UsageFault_Handler
                0x00000000080010f4        0x6 ./Core/Src/stm32f7xx_it.o
                0x00000000080010f4                UsageFault_Handler
 .text.SVC_Handler
                0x00000000080010fa        0xe ./Core/Src/stm32f7xx_it.o
                0x00000000080010fa                SVC_Handler
 .text.DebugMon_Handler
                0x0000000008001108        0xe ./Core/Src/stm32f7xx_it.o
                0x0000000008001108                DebugMon_Handler
 .text.PendSV_Handler
                0x0000000008001116        0xe ./Core/Src/stm32f7xx_it.o
                0x0000000008001116                PendSV_Handler
 .text.SysTick_Handler
                0x0000000008001124        0xc ./Core/Src/stm32f7xx_it.o
                0x0000000008001124                SysTick_Handler
 .text.SystemInit
                0x0000000008001130       0x24 ./Core/Src/system_stm32f7xx.o
                0x0000000008001130                SystemInit
 .text.Reset_Handler
                0x0000000008001154       0x50 ./Core/Startup/startup_stm32f746zgtx.o
                0x0000000008001154                Reset_Handler
 .text.Default_Handler
                0x00000000080011a4        0x2 ./Core/Startup/startup_stm32f746zgtx.o
                0x00000000080011a4                RTC_Alarm_IRQHandler
                0x00000000080011a4                EXTI2_IRQHandler
                0x00000000080011a4                TIM8_CC_IRQHandler
                0x00000000080011a4                UART8_IRQHandler
                0x00000000080011a4                SPI4_IRQHandler
                0x00000000080011a4                TIM1_CC_IRQHandler
                0x00000000080011a4                DMA2_Stream5_IRQHandler
                0x00000000080011a4                DMA1_Stream5_IRQHandler
                0x00000000080011a4                PVD_IRQHandler
                0x00000000080011a4                TAMP_STAMP_IRQHandler
                0x00000000080011a4                CAN2_RX1_IRQHandler
                0x00000000080011a4                EXTI3_IRQHandler
                0x00000000080011a4                TIM8_TRG_COM_TIM14_IRQHandler
                0x00000000080011a4                TIM1_UP_TIM10_IRQHandler
                0x00000000080011a4                TIM8_UP_TIM13_IRQHandler
                0x00000000080011a4                I2C3_ER_IRQHandler
                0x00000000080011a4                EXTI0_IRQHandler
                0x00000000080011a4                I2C2_EV_IRQHandler
                0x00000000080011a4                DMA1_Stream2_IRQHandler
                0x00000000080011a4                CAN1_RX0_IRQHandler
                0x00000000080011a4                FPU_IRQHandler
                0x00000000080011a4                OTG_HS_WKUP_IRQHandler
                0x00000000080011a4                LTDC_ER_IRQHandler
                0x00000000080011a4                CAN2_SCE_IRQHandler
                0x00000000080011a4                DMA2_Stream2_IRQHandler
                0x00000000080011a4                SPI1_IRQHandler
                0x00000000080011a4                TIM6_DAC_IRQHandler
                0x00000000080011a4                TIM1_BRK_TIM9_IRQHandler
                0x00000000080011a4                DCMI_IRQHandler
                0x00000000080011a4                CAN2_RX0_IRQHandler
                0x00000000080011a4                DMA2_Stream3_IRQHandler
                0x00000000080011a4                SAI2_IRQHandler
                0x00000000080011a4                USART6_IRQHandler
                0x00000000080011a4                USART3_IRQHandler
                0x00000000080011a4                CAN1_RX1_IRQHandler
                0x00000000080011a4                UART5_IRQHandler
                0x00000000080011a4                DMA2_Stream0_IRQHandler
                0x00000000080011a4                TIM4_IRQHandler
                0x00000000080011a4                QUADSPI_IRQHandler
                0x00000000080011a4                I2C1_EV_IRQHandler
                0x00000000080011a4                DMA1_Stream6_IRQHandler
                0x00000000080011a4                DMA1_Stream1_IRQHandler
                0x00000000080011a4                UART4_IRQHandler
                0x00000000080011a4                TIM3_IRQHandler
                0x00000000080011a4                RCC_IRQHandler
                0x00000000080011a4                TIM8_BRK_TIM12_IRQHandler
                0x00000000080011a4                Default_Handler
                0x00000000080011a4                CEC_IRQHandler
                0x00000000080011a4                EXTI15_10_IRQHandler
                0x00000000080011a4                ADC_IRQHandler
                0x00000000080011a4                DMA1_Stream7_IRQHandler
                0x00000000080011a4                SPI5_IRQHandler
                0x00000000080011a4                TIM7_IRQHandler
                0x00000000080011a4                SDMMC1_IRQHandler
                0x00000000080011a4                CAN2_TX_IRQHandler
                0x00000000080011a4                TIM5_IRQHandler
                0x00000000080011a4                DMA2_Stream7_IRQHandler
                0x00000000080011a4                I2C3_EV_IRQHandler
                0x00000000080011a4                EXTI9_5_IRQHandler
                0x00000000080011a4                RTC_WKUP_IRQHandler
                0x00000000080011a4                LTDC_IRQHandler
                0x00000000080011a4                ETH_WKUP_IRQHandler
                0x00000000080011a4                SPDIF_RX_IRQHandler
                0x00000000080011a4                SPI2_IRQHandler
                0x00000000080011a4                OTG_HS_EP1_IN_IRQHandler
                0x00000000080011a4                DMA1_Stream0_IRQHandler
                0x00000000080011a4                CAN1_TX_IRQHandler
                0x00000000080011a4                EXTI4_IRQHandler
                0x00000000080011a4                RNG_IRQHandler
                0x00000000080011a4                ETH_IRQHandler
                0x00000000080011a4                OTG_HS_EP1_OUT_IRQHandler
                0x00000000080011a4                WWDG_IRQHandler
                0x00000000080011a4                SPI6_IRQHandler
                0x00000000080011a4                I2C4_EV_IRQHandler
                0x00000000080011a4                TIM2_IRQHandler
                0x00000000080011a4                OTG_FS_WKUP_IRQHandler
                0x00000000080011a4                TIM1_TRG_COM_TIM11_IRQHandler
                0x00000000080011a4                OTG_HS_IRQHandler
                0x00000000080011a4                DMA2D_IRQHandler
                0x00000000080011a4                EXTI1_IRQHandler
                0x00000000080011a4                UART7_IRQHandler
                0x00000000080011a4                USART2_IRQHandler
                0x00000000080011a4                I2C2_ER_IRQHandler
                0x00000000080011a4                DMA2_Stream1_IRQHandler
                0x00000000080011a4                CAN1_SCE_IRQHandler
                0x00000000080011a4                FLASH_IRQHandler
                0x00000000080011a4                DMA2_Stream4_IRQHandler
                0x00000000080011a4                USART1_IRQHandler
                0x00000000080011a4                OTG_FS_IRQHandler
                0x00000000080011a4                SPI3_IRQHandler
                0x00000000080011a4                DMA1_Stream4_IRQHandler
                0x00000000080011a4                I2C1_ER_IRQHandler
                0x00000000080011a4                FMC_IRQHandler
                0x00000000080011a4                LPTIM1_IRQHandler
                0x00000000080011a4                I2C4_ER_IRQHandler
                0x00000000080011a4                DMA2_Stream6_IRQHandler
                0x00000000080011a4                SAI1_IRQHandler
                0x00000000080011a4                DMA1_Stream3_IRQHandler
 .text.HAL_Init
                0x00000000080011a6       0x1a ./Drivers/STM32F7xx_HAL_Driver/Src/stm32f7xx_hal.o
                0x00000000080011a6                HAL_Init
 .text.HAL_InitTick
                0x00000000080011c0       0x60 ./Drivers/STM32F7xx_HAL_Driver/Src/stm32f7xx_hal.o
                0x00000000080011c0                HAL_InitTick
 .text.HAL_IncTick
                0x0000000008001220       0x28 ./Drivers/STM32F7xx_HAL_Driver/Src/stm32f7xx_hal.o
                0x0000000008001220                HAL_IncTick
 .text.HAL_GetTick
                0x0000000008001248       0x18 ./Drivers/STM32F7xx_HAL_Driver/Src/stm32f7xx_hal.o
                0x0000000008001248                HAL_GetTick
 .text.HAL_ADC_Init
                0x0000000008001260       0x88 ./Drivers/STM32F7xx_HAL_Driver/Src/stm32f7xx_hal_adc.o
                0x0000000008001260                HAL_ADC_Init
 .text.HAL_ADC_Start
                0x00000000080012e8      0x19c ./Drivers/STM32F7xx_HAL_Driver/Src/stm32f7xx_hal_adc.o
                0x00000000080012e8                HAL_ADC_Start
 .text.HAL_ADC_PollForConversion
                0x0000000008001484      0x116 ./Drivers/STM32F7xx_HAL_Driver/Src/stm32f7xx_hal_adc.o
                0x0000000008001484                HAL_ADC_PollForConversion
 .text.HAL_ADC_GetValue
                0x000000000800159a       0x1a ./Drivers/STM32F7xx_HAL_Driver/Src/stm32f7xx_hal_adc.o
                0x000000000800159a                HAL_ADC_GetValue
 .text.HAL_ADC_ConfigChannel
                0x00000000080015b4      0x2ac ./Drivers/STM32F7xx_HAL_Driver/Src/stm32f7xx_hal_adc.o
                0x00000000080015b4                HAL_ADC_ConfigChannel
 .text.ADC_Init
                0x0000000008001860      0x1f4 ./Drivers/STM32F7xx_HAL_Driver/Src/stm32f7xx_hal_adc.o
 .text.__NVIC_SetPriorityGrouping
                0x0000000008001a54       0x48 ./Drivers/STM32F7xx_HAL_Driver/Src/stm32f7xx_hal_cortex.o
 .text.__NVIC_GetPriorityGrouping
                0x0000000008001a9c       0x1c ./Drivers/STM32F7xx_HAL_Driver/Src/stm32f7xx_hal_cortex.o
 .text.__NVIC_SetPriority
                0x0000000008001ab8       0x54 ./Drivers/STM32F7xx_HAL_Driver/Src/stm32f7xx_hal_cortex.o
 .text.NVIC_EncodePriority
                0x0000000008001b0c       0x66 ./Drivers/STM32F7xx_HAL_Driver/Src/stm32f7xx_hal_cortex.o
 *fill*         0x0000000008001b72        0x2 
 .text.SysTick_Config
                0x0000000008001b74       0x44 ./Drivers/STM32F7xx_HAL_Driver/Src/stm32f7xx_hal_cortex.o
 .text.HAL_NVIC_SetPriorityGrouping
                0x0000000008001bb8       0x16 ./Drivers/STM32F7xx_HAL_Driver/Src/stm32f7xx_hal_cortex.o
                0x0000000008001bb8                HAL_NVIC_SetPriorityGrouping
 .text.HAL_NVIC_SetPriority
                0x0000000008001bce       0x38 ./Drivers/STM32F7xx_HAL_Driver/Src/stm32f7xx_hal_cortex.o
                0x0000000008001bce                HAL_NVIC_SetPriority
 .text.HAL_SYSTICK_Config
                0x0000000008001c06       0x18 ./Drivers/STM32F7xx_HAL_Driver/Src/stm32f7xx_hal_cortex.o
                0x0000000008001c06                HAL_SYSTICK_Config
 *fill*         0x0000000008001c1e        0x2 
 .text.HAL_GPIO_Init
                0x0000000008001c20      0x358 ./Drivers/STM32F7xx_HAL_Driver/Src/stm32f7xx_hal_gpio.o
                0x0000000008001c20                HAL_GPIO_Init
 .text.HAL_GPIO_WritePin
                0x0000000008001f78       0x32 ./Drivers/STM32F7xx_HAL_Driver/Src/stm32f7xx_hal_gpio.o
                0x0000000008001f78                HAL_GPIO_WritePin
 *fill*         0x0000000008001faa        0x2 
 .text.HAL_RCC_OscConfig
                0x0000000008001fac      0x548 ./Drivers/STM32F7xx_HAL_Driver/Src/stm32f7xx_hal_rcc.o
                0x0000000008001fac                HAL_RCC_OscConfig
 .text.HAL_RCC_ClockConfig
                0x00000000080024f4      0x1d8 ./Drivers/STM32F7xx_HAL_Driver/Src/stm32f7xx_hal_rcc.o
                0x00000000080024f4                HAL_RCC_ClockConfig
 .text.HAL_RCC_GetSysClockFreq
                0x00000000080026cc      0x20c ./Drivers/STM32F7xx_HAL_Driver/Src/stm32f7xx_hal_rcc.o
                0x00000000080026cc                HAL_RCC_GetSysClockFreq
 .text.__libc_init_array
                0x00000000080028d8       0x48 c:/st/stm32cubeide_1.10.0/stm32cubeide/plugins/com.st.stm32cube.ide.mcu.externaltools.gnu-tools-for-stm32.10.3-2021.10.win32_1.0.0.202111181127/tools/bin/../lib/gcc/arm-none-eabi/10.3.1/../../../../arm-none-eabi/lib/thumb/v7e-m+fp/hard\libc_nano.a(lib_a-init.o)
                0x00000000080028d8                __libc_init_array
 .text.memset   0x0000000008002920       0x10 c:/st/stm32cubeide_1.10.0/stm32cubeide/plugins/com.st.stm32cube.ide.mcu.externaltools.gnu-tools-for-stm32.10.3-2021.10.win32_1.0.0.202111181127/tools/bin/../lib/gcc/arm-none-eabi/10.3.1/../../../../arm-none-eabi/lib/thumb/v7e-m+fp/hard\libc_nano.a(lib_a-memset.o)
                0x0000000008002920                memset
 *(.glue_7)
 .glue_7        0x0000000008002930        0x0 linker stubs
 *(.glue_7t)
 .glue_7t       0x0000000008002930        0x0 linker stubs
 *(.eh_frame)
 .eh_frame      0x0000000008002930        0x0 c:/st/stm32cubeide_1.10.0/stm32cubeide/plugins/com.st.stm32cube.ide.mcu.externaltools.gnu-tools-for-stm32.10.3-2021.10.win32_1.0.0.202111181127/tools/bin/../lib/gcc/arm-none-eabi/10.3.1/thumb/v7e-m+fp/hard/crtbegin.o
 *(.init)
 .init          0x0000000008002930        0x4 c:/st/stm32cubeide_1.10.0/stm32cubeide/plugins/com.st.stm32cube.ide.mcu.externaltools.gnu-tools-for-stm32.10.3-2021.10.win32_1.0.0.202111181127/tools/bin/../lib/gcc/arm-none-eabi/10.3.1/thumb/v7e-m+fp/hard/crti.o
                0x0000000008002930                _init
 .init          0x0000000008002934        0x8 c:/st/stm32cubeide_1.10.0/stm32cubeide/plugins/com.st.stm32cube.ide.mcu.externaltools.gnu-tools-for-stm32.10.3-2021.10.win32_1.0.0.202111181127/tools/bin/../lib/gcc/arm-none-eabi/10.3.1/thumb/v7e-m+fp/hard/crtn.o
 *(.fini)
 .fini          0x000000000800293c        0x4 c:/st/stm32cubeide_1.10.0/stm32cubeide/plugins/com.st.stm32cube.ide.mcu.externaltools.gnu-tools-for-stm32.10.3-2021.10.win32_1.0.0.202111181127/tools/bin/../lib/gcc/arm-none-eabi/10.3.1/thumb/v7e-m+fp/hard/crti.o
                0x000000000800293c                _fini
 .fini          0x0000000008002940        0x8 c:/st/stm32cubeide_1.10.0/stm32cubeide/plugins/com.st.stm32cube.ide.mcu.externaltools.gnu-tools-for-stm32.10.3-2021.10.win32_1.0.0.202111181127/tools/bin/../lib/gcc/arm-none-eabi/10.3.1/thumb/v7e-m+fp/hard/crtn.o
                0x0000000008002948                . = ALIGN (0x4)
                0x0000000008002948                _etext = .

.vfp11_veneer   0x0000000008002948        0x0
 .vfp11_veneer  0x0000000008002948        0x0 linker stubs

.v4_bx          0x0000000008002948        0x0
 .v4_bx         0x0000000008002948        0x0 linker stubs

.iplt           0x0000000008002948        0x0
 .iplt          0x0000000008002948        0x0 c:/st/stm32cubeide_1.10.0/stm32cubeide/plugins/com.st.stm32cube.ide.mcu.externaltools.gnu-tools-for-stm32.10.3-2021.10.win32_1.0.0.202111181127/tools/bin/../lib/gcc/arm-none-eabi/10.3.1/thumb/v7e-m+fp/hard/crtbegin.o

.rodata         0x0000000008002948       0x10
                0x0000000008002948                . = ALIGN (0x4)
 *(.rodata)
 *(.rodata*)
 .rodata.AHBPrescTable
                0x0000000008002948       0x10 ./Core/Src/system_stm32f7xx.o
                0x0000000008002948                AHBPrescTable
                0x0000000008002958                . = ALIGN (0x4)

.ARM.extab      0x0000000008002958        0x0
                0x0000000008002958                . = ALIGN (0x4)
 *(.ARM.extab* .gnu.linkonce.armextab.*)
                0x0000000008002958                . = ALIGN (0x4)

.ARM            0x0000000008002958        0x8
                0x0000000008002958                . = ALIGN (0x4)
                0x0000000008002958                __exidx_start = .
 *(.ARM.exidx*)
 .ARM.exidx     0x0000000008002958        0x8 c:/st/stm32cubeide_1.10.0/stm32cubeide/plugins/com.st.stm32cube.ide.mcu.externaltools.gnu-tools-for-stm32.10.3-2021.10.win32_1.0.0.202111181127/tools/bin/../lib/gcc/arm-none-eabi/10.3.1/thumb/v7e-m+fp/hard\libgcc.a(_udivmoddi4.o)
                0x0000000008002960                __exidx_end = .
                0x0000000008002960                . = ALIGN (0x4)

.rel.dyn        0x0000000008002960        0x0
 .rel.iplt      0x0000000008002960        0x0 c:/st/stm32cubeide_1.10.0/stm32cubeide/plugins/com.st.stm32cube.ide.mcu.externaltools.gnu-tools-for-stm32.10.3-2021.10.win32_1.0.0.202111181127/tools/bin/../lib/gcc/arm-none-eabi/10.3.1/thumb/v7e-m+fp/hard/crtbegin.o

.preinit_array  0x0000000008002960        0x0
                0x0000000008002960                . = ALIGN (0x4)
                0x0000000008002960                PROVIDE (__preinit_array_start = .)
 *(.preinit_array*)
                0x0000000008002960                PROVIDE (__preinit_array_end = .)
                0x0000000008002960                . = ALIGN (0x4)

.init_array     0x0000000008002960        0x4
                0x0000000008002960                . = ALIGN (0x4)
                0x0000000008002960                PROVIDE (__init_array_start = .)
 *(SORT_BY_NAME(.init_array.*))
 *(.init_array*)
 .init_array    0x0000000008002960        0x4 c:/st/stm32cubeide_1.10.0/stm32cubeide/plugins/com.st.stm32cube.ide.mcu.externaltools.gnu-tools-for-stm32.10.3-2021.10.win32_1.0.0.202111181127/tools/bin/../lib/gcc/arm-none-eabi/10.3.1/thumb/v7e-m+fp/hard/crtbegin.o
                0x0000000008002964                PROVIDE (__init_array_end = .)
                0x0000000008002964                . = ALIGN (0x4)

.fini_array     0x0000000008002964        0x4
                0x0000000008002964                . = ALIGN (0x4)
                [!provide]                        PROVIDE (__fini_array_start = .)
 *(SORT_BY_NAME(.fini_array.*))
 *(.fini_array*)
 .fini_array    0x0000000008002964        0x4 c:/st/stm32cubeide_1.10.0/stm32cubeide/plugins/com.st.stm32cube.ide.mcu.externaltools.gnu-tools-for-stm32.10.3-2021.10.win32_1.0.0.202111181127/tools/bin/../lib/gcc/arm-none-eabi/10.3.1/thumb/v7e-m+fp/hard/crtbegin.o
                [!provide]                        PROVIDE (__fini_array_end = .)
                0x0000000008002968                . = ALIGN (0x4)
                0x0000000008002968                _sidata = LOADADDR (.data)

.data           0x0000000020000000        0xc load address 0x0000000008002968
                0x0000000020000000                . = ALIGN (0x4)
                0x0000000020000000                _sdata = .
 *(.data)
 *(.data*)
 .data.SystemCoreClock
                0x0000000020000000        0x4 ./Core/Src/system_stm32f7xx.o
                0x0000000020000000                SystemCoreClock
 .data.uwTickPrio
                0x0000000020000004        0x4 ./Drivers/STM32F7xx_HAL_Driver/Src/stm32f7xx_hal.o
                0x0000000020000004                uwTickPrio
 .data.uwTickFreq
                0x0000000020000008        0x1 ./Drivers/STM32F7xx_HAL_Driver/Src/stm32f7xx_hal.o
                0x0000000020000008                uwTickFreq
 *(.RamFunc)
 *(.RamFunc*)
                0x000000002000000c                . = ALIGN (0x4)
 *fill*         0x0000000020000009        0x3 
                0x000000002000000c                _edata = .

.igot.plt       0x000000002000000c        0x0 load address 0x0000000008002974
 .igot.plt      0x000000002000000c        0x0 c:/st/stm32cubeide_1.10.0/stm32cubeide/plugins/com.st.stm32cube.ide.mcu.externaltools.gnu-tools-for-stm32.10.3-2021.10.win32_1.0.0.202111181127/tools/bin/../lib/gcc/arm-none-eabi/10.3.1/thumb/v7e-m+fp/hard/crtbegin.o
                0x000000002000000c                . = ALIGN (0x4)

.bss            0x000000002000000c       0x74 load address 0x0000000008002974
                0x000000002000000c                _sbss = .
                0x000000002000000c                __bss_start__ = _sbss
 *(.bss)
 .bss           0x000000002000000c       0x1c c:/st/stm32cubeide_1.10.0/stm32cubeide/plugins/com.st.stm32cube.ide.mcu.externaltools.gnu-tools-for-stm32.10.3-2021.10.win32_1.0.0.202111181127/tools/bin/../lib/gcc/arm-none-eabi/10.3.1/thumb/v7e-m+fp/hard/crtbegin.o
 *(.bss*)
 .bss.hadc1     0x0000000020000028       0x48 ./Core/Src/main.o
                0x0000000020000028                hadc1
 .bss.readvalue
                0x0000000020000070        0x2 ./Core/Src/main.o
                0x0000000020000070                readvalue
 *fill*         0x0000000020000072        0x2 
 .bss.T_celsius
                0x0000000020000074        0x4 ./Core/Src/main.o
                0x0000000020000074                T_celsius
 .bss.Vsense    0x0000000020000078        0x4 ./Core/Src/main.o
                0x0000000020000078                Vsense
 .bss.uwTick    0x000000002000007c        0x4 ./Drivers/STM32F7xx_HAL_Driver/Src/stm32f7xx_hal.o
                0x000000002000007c                uwTick
 *(COMMON)
                0x0000000020000080                . = ALIGN (0x4)
                0x0000000020000080                _ebss = .
                0x0000000020000080                __bss_end__ = _ebss

._user_heap_stack
                0x0000000020000080      0x600 load address 0x0000000008002974
                0x0000000020000080                . = ALIGN (0x8)
                [!provide]                        PROVIDE (end = .)
                0x0000000020000080                PROVIDE (_end = .)
                0x0000000020000280                . = (. + _Min_Heap_Size)
 *fill*         0x0000000020000080      0x200 
                0x0000000020000680                . = (. + _Min_Stack_Size)
 *fill*         0x0000000020000280      0x400 
                0x0000000020000680                . = ALIGN (0x8)

/DISCARD/
 libc.a(*)
 libm.a(*)
 libgcc.a(*)

.ARM.attributes
                0x0000000000000000       0x30
 *(.ARM.attributes)
 .ARM.attributes
                0x0000000000000000       0x1e c:/st/stm32cubeide_1.10.0/stm32cubeide/plugins/com.st.stm32cube.ide.mcu.externaltools.gnu-tools-for-stm32.10.3-2021.10.win32_1.0.0.202111181127/tools/bin/../lib/gcc/arm-none-eabi/10.3.1/thumb/v7e-m+fp/hard/crti.o
 .ARM.attributes
                0x000000000000001e       0x34 c:/st/stm32cubeide_1.10.0/stm32cubeide/plugins/com.st.stm32cube.ide.mcu.externaltools.gnu-tools-for-stm32.10.3-2021.10.win32_1.0.0.202111181127/tools/bin/../lib/gcc/arm-none-eabi/10.3.1/thumb/v7e-m+fp/hard/crtbegin.o
 .ARM.attributes
                0x0000000000000052       0x34 ./Core/Src/main.o
 .ARM.attributes
                0x0000000000000086       0x34 ./Core/Src/stm32f7xx_hal_msp.o
 .ARM.attributes
                0x00000000000000ba       0x34 ./Core/Src/stm32f7xx_it.o
 .ARM.attributes
                0x00000000000000ee       0x34 ./Core/Src/system_stm32f7xx.o
 .ARM.attributes
                0x0000000000000122       0x21 ./Core/Startup/startup_stm32f746zgtx.o
 .ARM.attributes
                0x0000000000000143       0x34 ./Drivers/STM32F7xx_HAL_Driver/Src/stm32f7xx_hal.o
 .ARM.attributes
                0x0000000000000177       0x34 ./Drivers/STM32F7xx_HAL_Driver/Src/stm32f7xx_hal_adc.o
 .ARM.attributes
                0x00000000000001ab       0x34 ./Drivers/STM32F7xx_HAL_Driver/Src/stm32f7xx_hal_cortex.o
 .ARM.attributes
                0x00000000000001df       0x34 ./Drivers/STM32F7xx_HAL_Driver/Src/stm32f7xx_hal_gpio.o
 .ARM.attributes
                0x0000000000000213       0x34 ./Drivers/STM32F7xx_HAL_Driver/Src/stm32f7xx_hal_rcc.o
 .ARM.attributes
                0x0000000000000247       0x34 c:/st/stm32cubeide_1.10.0/stm32cubeide/plugins/com.st.stm32cube.ide.mcu.externaltools.gnu-tools-for-stm32.10.3-2021.10.win32_1.0.0.202111181127/tools/bin/../lib/gcc/arm-none-eabi/10.3.1/../../../../arm-none-eabi/lib/thumb/v7e-m+fp/hard\libc_nano.a(lib_a-init.o)
 .ARM.attributes
                0x000000000000027b       0x34 c:/st/stm32cubeide_1.10.0/stm32cubeide/plugins/com.st.stm32cube.ide.mcu.externaltools.gnu-tools-for-stm32.10.3-2021.10.win32_1.0.0.202111181127/tools/bin/../lib/gcc/arm-none-eabi/10.3.1/../../../../arm-none-eabi/lib/thumb/v7e-m+fp/hard\libc_nano.a(lib_a-memset.o)
 .ARM.attributes
                0x00000000000002af       0x1e c:/st/stm32cubeide_1.10.0/stm32cubeide/plugins/com.st.stm32cube.ide.mcu.externaltools.gnu-tools-for-stm32.10.3-2021.10.win32_1.0.0.202111181127/tools/bin/../lib/gcc/arm-none-eabi/10.3.1/thumb/v7e-m+fp/hard\libgcc.a(_arm_addsubdf3.o)
 .ARM.attributes
                0x00000000000002cd       0x1e c:/st/stm32cubeide_1.10.0/stm32cubeide/plugins/com.st.stm32cube.ide.mcu.externaltools.gnu-tools-for-stm32.10.3-2021.10.win32_1.0.0.202111181127/tools/bin/../lib/gcc/arm-none-eabi/10.3.1/thumb/v7e-m+fp/hard\libgcc.a(_arm_muldivdf3.o)
 .ARM.attributes
                0x00000000000002eb       0x1e c:/st/stm32cubeide_1.10.0/stm32cubeide/plugins/com.st.stm32cube.ide.mcu.externaltools.gnu-tools-for-stm32.10.3-2021.10.win32_1.0.0.202111181127/tools/bin/../lib/gcc/arm-none-eabi/10.3.1/thumb/v7e-m+fp/hard\libgcc.a(_arm_truncdfsf2.o)
 .ARM.attributes
                0x0000000000000309       0x1e c:/st/stm32cubeide_1.10.0/stm32cubeide/plugins/com.st.stm32cube.ide.mcu.externaltools.gnu-tools-for-stm32.10.3-2021.10.win32_1.0.0.202111181127/tools/bin/../lib/gcc/arm-none-eabi/10.3.1/thumb/v7e-m+fp/hard\libgcc.a(_aeabi_uldivmod.o)
 .ARM.attributes
                0x0000000000000327       0x34 c:/st/stm32cubeide_1.10.0/stm32cubeide/plugins/com.st.stm32cube.ide.mcu.externaltools.gnu-tools-for-stm32.10.3-2021.10.win32_1.0.0.202111181127/tools/bin/../lib/gcc/arm-none-eabi/10.3.1/thumb/v7e-m+fp/hard\libgcc.a(_udivmoddi4.o)
 .ARM.attributes
                0x000000000000035b       0x1e c:/st/stm32cubeide_1.10.0/stm32cubeide/plugins/com.st.stm32cube.ide.mcu.externaltools.gnu-tools-for-stm32.10.3-2021.10.win32_1.0.0.202111181127/tools/bin/../lib/gcc/arm-none-eabi/10.3.1/thumb/v7e-m+fp/hard\libgcc.a(_dvmd_tls.o)
 .ARM.attributes
                0x0000000000000379       0x1e c:/st/stm32cubeide_1.10.0/stm32cubeide/plugins/com.st.stm32cube.ide.mcu.externaltools.gnu-tools-for-stm32.10.3-2021.10.win32_1.0.0.202111181127/tools/bin/../lib/gcc/arm-none-eabi/10.3.1/thumb/v7e-m+fp/hard/crtn.o
OUTPUT(Temp_read.elf elf32-littlearm)
LOAD linker stubs
LOAD c:/st/stm32cubeide_1.10.0/stm32cubeide/plugins/com.st.stm32cube.ide.mcu.externaltools.gnu-tools-for-stm32.10.3-2021.10.win32_1.0.0.202111181127/tools/bin/../lib/gcc/arm-none-eabi/10.3.1/../../../../arm-none-eabi/lib/thumb/v7e-m+fp/hard\libc.a
LOAD c:/st/stm32cubeide_1.10.0/stm32cubeide/plugins/com.st.stm32cube.ide.mcu.externaltools.gnu-tools-for-stm32.10.3-2021.10.win32_1.0.0.202111181127/tools/bin/../lib/gcc/arm-none-eabi/10.3.1/../../../../arm-none-eabi/lib/thumb/v7e-m+fp/hard\libm.a
LOAD c:/st/stm32cubeide_1.10.0/stm32cubeide/plugins/com.st.stm32cube.ide.mcu.externaltools.gnu-tools-for-stm32.10.3-2021.10.win32_1.0.0.202111181127/tools/bin/../lib/gcc/arm-none-eabi/10.3.1/thumb/v7e-m+fp/hard\libgcc.a

.debug_info     0x0000000000000000     0x56c8
 .debug_info    0x0000000000000000      0xd88 ./Core/Src/main.o
 .debug_info    0x0000000000000d88      0x822 ./Core/Src/stm32f7xx_hal_msp.o
 .debug_info    0x00000000000015aa      0x121 ./Core/Src/stm32f7xx_it.o
 .debug_info    0x00000000000016cb      0x72c ./Core/Src/system_stm32f7xx.o
 .debug_info    0x0000000000001df7       0x22 ./Core/Startup/startup_stm32f746zgtx.o
 .debug_info    0x0000000000001e19      0xa0c ./Drivers/STM32F7xx_HAL_Driver/Src/stm32f7xx_hal.o
 .debug_info    0x0000000000002825      0xd19 ./Drivers/STM32F7xx_HAL_Driver/Src/stm32f7xx_hal_adc.o
 .debug_info    0x000000000000353e     0x105a ./Drivers/STM32F7xx_HAL_Driver/Src/stm32f7xx_hal_cortex.o
 .debug_info    0x0000000000004598      0x794 ./Drivers/STM32F7xx_HAL_Driver/Src/stm32f7xx_hal_gpio.o
 .debug_info    0x0000000000004d2c      0x99c ./Drivers/STM32F7xx_HAL_Driver/Src/stm32f7xx_hal_rcc.o

.debug_abbrev   0x0000000000000000     0x10fd
 .debug_abbrev  0x0000000000000000      0x21c ./Core/Src/main.o
 .debug_abbrev  0x000000000000021c      0x17f ./Core/Src/stm32f7xx_hal_msp.o
 .debug_abbrev  0x000000000000039b       0x74 ./Core/Src/stm32f7xx_it.o
 .debug_abbrev  0x000000000000040f      0x136 ./Core/Src/system_stm32f7xx.o
 .debug_abbrev  0x0000000000000545       0x12 ./Core/Startup/startup_stm32f746zgtx.o
 .debug_abbrev  0x0000000000000557      0x20d ./Drivers/STM32F7xx_HAL_Driver/Src/stm32f7xx_hal.o
 .debug_abbrev  0x0000000000000764      0x244 ./Drivers/STM32F7xx_HAL_Driver/Src/stm32f7xx_hal_adc.o
 .debug_abbrev  0x00000000000009a8      0x316 ./Drivers/STM32F7xx_HAL_Driver/Src/stm32f7xx_hal_cortex.o
 .debug_abbrev  0x0000000000000cbe      0x1c4 ./Drivers/STM32F7xx_HAL_Driver/Src/stm32f7xx_hal_gpio.o
 .debug_abbrev  0x0000000000000e82      0x27b ./Drivers/STM32F7xx_HAL_Driver/Src/stm32f7xx_hal_rcc.o

.debug_aranges  0x0000000000000000      0x500
 .debug_aranges
                0x0000000000000000       0x40 ./Core/Src/main.o
 .debug_aranges
                0x0000000000000040       0x30 ./Core/Src/stm32f7xx_hal_msp.o
 .debug_aranges
                0x0000000000000070       0x60 ./Core/Src/stm32f7xx_it.o
 .debug_aranges
                0x00000000000000d0       0x28 ./Core/Src/system_stm32f7xx.o
 .debug_aranges
                0x00000000000000f8       0x28 ./Core/Startup/startup_stm32f746zgtx.o
 .debug_aranges
                0x0000000000000120      0x100 ./Drivers/STM32F7xx_HAL_Driver/Src/stm32f7xx_hal.o
 .debug_aranges
                0x0000000000000220       0xe8 ./Drivers/STM32F7xx_HAL_Driver/Src/stm32f7xx_hal_adc.o
 .debug_aranges
                0x0000000000000308      0x118 ./Drivers/STM32F7xx_HAL_Driver/Src/stm32f7xx_hal_cortex.o
 .debug_aranges
                0x0000000000000420       0x58 ./Drivers/STM32F7xx_HAL_Driver/Src/stm32f7xx_hal_gpio.o
 .debug_aranges
                0x0000000000000478       0x88 ./Drivers/STM32F7xx_HAL_Driver/Src/stm32f7xx_hal_rcc.o

.debug_ranges   0x0000000000000000      0x468
 .debug_ranges  0x0000000000000000       0x30 ./Core/Src/main.o
 .debug_ranges  0x0000000000000030       0x20 ./Core/Src/stm32f7xx_hal_msp.o
 .debug_ranges  0x0000000000000050       0x50 ./Core/Src/stm32f7xx_it.o
 .debug_ranges  0x00000000000000a0       0x18 ./Core/Src/system_stm32f7xx.o
 .debug_ranges  0x00000000000000b8       0x20 ./Core/Startup/startup_stm32f746zgtx.o
 .debug_ranges  0x00000000000000d8       0xf0 ./Drivers/STM32F7xx_HAL_Driver/Src/stm32f7xx_hal.o
 .debug_ranges  0x00000000000001c8       0xd8 ./Drivers/STM32F7xx_HAL_Driver/Src/stm32f7xx_hal_adc.o
 .debug_ranges  0x00000000000002a0      0x108 ./Drivers/STM32F7xx_HAL_Driver/Src/stm32f7xx_hal_cortex.o
 .debug_ranges  0x00000000000003a8       0x48 ./Drivers/STM32F7xx_HAL_Driver/Src/stm32f7xx_hal_gpio.o
 .debug_ranges  0x00000000000003f0       0x78 ./Drivers/STM32F7xx_HAL_Driver/Src/stm32f7xx_hal_rcc.o

.debug_macro    0x0000000000000000    0x2462f
 .debug_macro   0x0000000000000000      0x2ab ./Core/Src/main.o
 .debug_macro   0x00000000000002ab      0xa78 ./Core/Src/main.o
 .debug_macro   0x0000000000000d23      0x28d ./Core/Src/main.o
 .debug_macro   0x0000000000000fb0       0x2e ./Core/Src/main.o
 .debug_macro   0x0000000000000fde       0x3b ./Core/Src/main.o
 .debug_macro   0x0000000000001019       0x22 ./Core/Src/main.o
 .debug_macro   0x000000000000103b       0x8e ./Core/Src/main.o
 .debug_macro   0x00000000000010c9       0x51 ./Core/Src/main.o
 .debug_macro   0x000000000000111a      0x103 ./Core/Src/main.o
 .debug_macro   0x000000000000121d       0x6a ./Core/Src/main.o
 .debug_macro   0x0000000000001287      0x1df ./Core/Src/main.o
 .debug_macro   0x0000000000001466       0x1c ./Core/Src/main.o
 .debug_macro   0x0000000000001482       0x22 ./Core/Src/main.o
 .debug_macro   0x00000000000014a4       0xd9 ./Core/Src/main.o
 .debug_macro   0x000000000000157d     0x12cd ./Core/Src/main.o
 .debug_macro   0x000000000000284a      0x11f ./Core/Src/main.o
 .debug_macro   0x0000000000002969       0x19 ./Core/Src/main.o
 .debug_macro   0x0000000000002982    0x1920a ./Core/Src/main.o
 .debug_macro   0x000000000001bb8c       0x6d ./Core/Src/main.o
 .debug_macro   0x000000000001bbf9     0x3749 ./Core/Src/main.o
 .debug_macro   0x000000000001f342      0x174 ./Core/Src/main.o
 .debug_macro   0x000000000001f4b6       0x63 ./Core/Src/main.o
 .debug_macro   0x000000000001f519     0x18ad ./Core/Src/main.o
 .debug_macro   0x0000000000020dc6      0x6c4 ./Core/Src/main.o
 .debug_macro   0x000000000002148a      0x185 ./Core/Src/main.o
 .debug_macro   0x000000000002160f      0x115 ./Core/Src/main.o
 .debug_macro   0x0000000000021724      0x1fd ./Core/Src/main.o
 .debug_macro   0x0000000000021921       0xa5 ./Core/Src/main.o
 .debug_macro   0x00000000000219c6      0x24f ./Core/Src/main.o
 .debug_macro   0x0000000000021c15       0x41 ./Core/Src/main.o
 .debug_macro   0x0000000000021c56       0x58 ./Core/Src/main.o
 .debug_macro   0x0000000000021cae      0x236 ./Core/Src/main.o
 .debug_macro   0x0000000000021ee4      0x416 ./Core/Src/main.o
 .debug_macro   0x00000000000222fa      0x153 ./Core/Src/main.o
 .debug_macro   0x000000000002244d      0x107 ./Core/Src/main.o
 .debug_macro   0x0000000000022554      0x14e ./Core/Src/main.o
 .debug_macro   0x00000000000226a2      0x25a ./Core/Src/main.o
 .debug_macro   0x00000000000228fc       0x12 ./Core/Src/main.o
 .debug_macro   0x000000000002290e      0x22c ./Core/Src/main.o
 .debug_macro   0x0000000000022b3a       0x61 ./Core/Src/main.o
 .debug_macro   0x0000000000022b9b       0xa5 ./Core/Src/main.o
 .debug_macro   0x0000000000022c40      0x12e ./Core/Src/main.o
 .debug_macro   0x0000000000022d6e      0x108 ./Core/Src/main.o
 .debug_macro   0x0000000000022e76       0x35 ./Core/Src/main.o
 .debug_macro   0x0000000000022eab      0x14d ./Core/Src/main.o
 .debug_macro   0x0000000000022ff8       0x52 ./Core/Src/main.o
 .debug_macro   0x000000000002304a       0x1e ./Core/Src/main.o
 .debug_macro   0x0000000000023068       0x3c ./Core/Src/main.o
 .debug_macro   0x00000000000230a4       0x34 ./Core/Src/main.o
 .debug_macro   0x00000000000230d8       0x16 ./Core/Src/main.o
 .debug_macro   0x00000000000230ee       0x43 ./Core/Src/main.o
 .debug_macro   0x0000000000023131       0x34 ./Core/Src/main.o
 .debug_macro   0x0000000000023165       0x10 ./Core/Src/main.o
 .debug_macro   0x0000000000023175       0x58 ./Core/Src/main.o
 .debug_macro   0x00000000000231cd       0x71 ./Core/Src/main.o
 .debug_macro   0x000000000002323e       0x1c ./Core/Src/main.o
 .debug_macro   0x000000000002325a      0x12a ./Core/Src/main.o
 .debug_macro   0x0000000000023384      0x341 ./Core/Src/main.o
 .debug_macro   0x00000000000236c5       0x10 ./Core/Src/main.o
 .debug_macro   0x00000000000236d5       0x35 ./Core/Src/main.o
 .debug_macro   0x000000000002370a       0x20 ./Core/Src/main.o
 .debug_macro   0x000000000002372a      0x1dd ./Core/Src/stm32f7xx_hal_msp.o
 .debug_macro   0x0000000000023907      0x1e7 ./Core/Src/stm32f7xx_it.o
 .debug_macro   0x0000000000023aee      0x1d3 ./Core/Src/system_stm32f7xx.o
 .debug_macro   0x0000000000023cc1      0x1f7 ./Drivers/STM32F7xx_HAL_Driver/Src/stm32f7xx_hal.o
 .debug_macro   0x0000000000023eb8      0x1d4 ./Drivers/STM32F7xx_HAL_Driver/Src/stm32f7xx_hal_adc.o
 .debug_macro   0x000000000002408c      0x1d3 ./Drivers/STM32F7xx_HAL_Driver/Src/stm32f7xx_hal_cortex.o
 .debug_macro   0x000000000002425f      0x1d9 ./Drivers/STM32F7xx_HAL_Driver/Src/stm32f7xx_hal_gpio.o
 .debug_macro   0x0000000000024438      0x1f7 ./Drivers/STM32F7xx_HAL_Driver/Src/stm32f7xx_hal_rcc.o

.debug_line     0x0000000000000000     0x60bb
 .debug_line    0x0000000000000000      0x956 ./Core/Src/main.o
 .debug_line    0x0000000000000956      0x6eb ./Core/Src/stm32f7xx_hal_msp.o
 .debug_line    0x0000000000001041      0x776 ./Core/Src/stm32f7xx_it.o
 .debug_line    0x00000000000017b7      0x733 ./Core/Src/system_stm32f7xx.o
 .debug_line    0x0000000000001eea       0x88 ./Core/Startup/startup_stm32f746zgtx.o
 .debug_line    0x0000000000001f72      0x9c4 ./Drivers/STM32F7xx_HAL_Driver/Src/stm32f7xx_hal.o
 .debug_line    0x0000000000002936     0x11fc ./Drivers/STM32F7xx_HAL_Driver/Src/stm32f7xx_hal_adc.o
 .debug_line    0x0000000000003b32      0xc4a ./Drivers/STM32F7xx_HAL_Driver/Src/stm32f7xx_hal_cortex.o
 .debug_line    0x000000000000477c      0xb38 ./Drivers/STM32F7xx_HAL_Driver/Src/stm32f7xx_hal_gpio.o
 .debug_line    0x00000000000052b4      0xe07 ./Drivers/STM32F7xx_HAL_Driver/Src/stm32f7xx_hal_rcc.o

.debug_str      0x0000000000000000    0xe4a6d
 .debug_str     0x0000000000000000    0xe3463 ./Core/Src/main.o
                                      0xe3ba8 (size before relaxing)
 .debug_str     0x00000000000e3463       0x53 ./Core/Src/stm32f7xx_hal_msp.o
                                      0xe0a4e (size before relaxing)
 .debug_str     0x00000000000e34b6       0xc9 ./Core/Src/stm32f7xx_it.o
                                      0xe05be (size before relaxing)
 .debug_str     0x00000000000e357f      0x1ae ./Core/Src/system_stm32f7xx.o
                                      0xe07ce (size before relaxing)
 .debug_str     0x00000000000e372d       0x36 ./Core/Startup/startup_stm32f746zgtx.o
                                         0x87 (size before relaxing)
 .debug_str     0x00000000000e3763      0x9c3 ./Drivers/STM32F7xx_HAL_Driver/Src/stm32f7xx_hal.o
                                      0xe1137 (size before relaxing)
 .debug_str     0x00000000000e4126      0x298 ./Drivers/STM32F7xx_HAL_Driver/Src/stm32f7xx_hal_adc.o
                                      0xe0cc7 (size before relaxing)
 .debug_str     0x00000000000e43be      0x348 ./Drivers/STM32F7xx_HAL_Driver/Src/stm32f7xx_hal_cortex.o
                                      0xe1122 (size before relaxing)
 .debug_str     0x00000000000e4706      0x115 ./Drivers/STM32F7xx_HAL_Driver/Src/stm32f7xx_hal_gpio.o
                                      0xe088c (size before relaxing)
 .debug_str     0x00000000000e481b      0x252 ./Drivers/STM32F7xx_HAL_Driver/Src/stm32f7xx_hal_rcc.o
                                      0xe0b30 (size before relaxing)

.comment        0x0000000000000000       0x50
 .comment       0x0000000000000000       0x50 ./Core/Src/main.o
                                         0x51 (size before relaxing)
 .comment       0x0000000000000050       0x51 ./Core/Src/stm32f7xx_hal_msp.o
 .comment       0x0000000000000050       0x51 ./Core/Src/stm32f7xx_it.o
 .comment       0x0000000000000050       0x51 ./Core/Src/system_stm32f7xx.o
 .comment       0x0000000000000050       0x51 ./Drivers/STM32F7xx_HAL_Driver/Src/stm32f7xx_hal.o
 .comment       0x0000000000000050       0x51 ./Drivers/STM32F7xx_HAL_Driver/Src/stm32f7xx_hal_adc.o
 .comment       0x0000000000000050       0x51 ./Drivers/STM32F7xx_HAL_Driver/Src/stm32f7xx_hal_cortex.o
 .comment       0x0000000000000050       0x51 ./Drivers/STM32F7xx_HAL_Driver/Src/stm32f7xx_hal_gpio.o
 .comment       0x0000000000000050       0x51 ./Drivers/STM32F7xx_HAL_Driver/Src/stm32f7xx_hal_rcc.o

.debug_frame    0x0000000000000000     0x13ec
 .debug_frame   0x0000000000000000       0xb0 ./Core/Src/main.o
 .debug_frame   0x00000000000000b0       0x88 ./Core/Src/stm32f7xx_hal_msp.o
 .debug_frame   0x0000000000000138      0x104 ./Core/Src/stm32f7xx_it.o
 .debug_frame   0x000000000000023c       0x58 ./Core/Src/system_stm32f7xx.o
 .debug_frame   0x0000000000000294      0x3b4 ./Drivers/STM32F7xx_HAL_Driver/Src/stm32f7xx_hal.o
 .debug_frame   0x0000000000000648      0x3fc ./Drivers/STM32F7xx_HAL_Driver/Src/stm32f7xx_hal_adc.o
 .debug_frame   0x0000000000000a44      0x498 ./Drivers/STM32F7xx_HAL_Driver/Src/stm32f7xx_hal_cortex.o
 .debug_frame   0x0000000000000edc      0x14c ./Drivers/STM32F7xx_HAL_Driver/Src/stm32f7xx_hal_gpio.o
 .debug_frame   0x0000000000001028      0x1f8 ./Drivers/STM32F7xx_HAL_Driver/Src/stm32f7xx_hal_rcc.o
 .debug_frame   0x0000000000001220       0x2c c:/st/stm32cubeide_1.10.0/stm32cubeide/plugins/com.st.stm32cube.ide.mcu.externaltools.gnu-tools-for-stm32.10.3-2021.10.win32_1.0.0.202111181127/tools/bin/../lib/gcc/arm-none-eabi/10.3.1/../../../../arm-none-eabi/lib/thumb/v7e-m+fp/hard\libc_nano.a(lib_a-init.o)
 .debug_frame   0x000000000000124c       0x20 c:/st/stm32cubeide_1.10.0/stm32cubeide/plugins/com.st.stm32cube.ide.mcu.externaltools.gnu-tools-for-stm32.10.3-2021.10.win32_1.0.0.202111181127/tools/bin/../lib/gcc/arm-none-eabi/10.3.1/../../../../arm-none-eabi/lib/thumb/v7e-m+fp/hard\libc_nano.a(lib_a-memset.o)
 .debug_frame   0x000000000000126c       0xac c:/st/stm32cubeide_1.10.0/stm32cubeide/plugins/com.st.stm32cube.ide.mcu.externaltools.gnu-tools-for-stm32.10.3-2021.10.win32_1.0.0.202111181127/tools/bin/../lib/gcc/arm-none-eabi/10.3.1/thumb/v7e-m+fp/hard\libgcc.a(_arm_addsubdf3.o)
 .debug_frame   0x0000000000001318       0x50 c:/st/stm32cubeide_1.10.0/stm32cubeide/plugins/com.st.stm32cube.ide.mcu.externaltools.gnu-tools-for-stm32.10.3-2021.10.win32_1.0.0.202111181127/tools/bin/../lib/gcc/arm-none-eabi/10.3.1/thumb/v7e-m+fp/hard\libgcc.a(_arm_muldivdf3.o)
 .debug_frame   0x0000000000001368       0x24 c:/st/stm32cubeide_1.10.0/stm32cubeide/plugins/com.st.stm32cube.ide.mcu.externaltools.gnu-tools-for-stm32.10.3-2021.10.win32_1.0.0.202111181127/tools/bin/../lib/gcc/arm-none-eabi/10.3.1/thumb/v7e-m+fp/hard\libgcc.a(_arm_truncdfsf2.o)
 .debug_frame   0x000000000000138c       0x2c c:/st/stm32cubeide_1.10.0/stm32cubeide/plugins/com.st.stm32cube.ide.mcu.externaltools.gnu-tools-for-stm32.10.3-2021.10.win32_1.0.0.202111181127/tools/bin/../lib/gcc/arm-none-eabi/10.3.1/thumb/v7e-m+fp/hard\libgcc.a(_aeabi_uldivmod.o)
 .debug_frame   0x00000000000013b8       0x34 c:/st/stm32cubeide_1.10.0/stm32cubeide/plugins/com.st.stm32cube.ide.mcu.externaltools.gnu-tools-for-stm32.10.3-2021.10.win32_1.0.0.202111181127/tools/bin/../lib/gcc/arm-none-eabi/10.3.1/thumb/v7e-m+fp/hard\libgcc.a(_udivmoddi4.o)
